src/components/Universe.tsx(108,36): error TS2552: Cannot find name 'MAT_D3'. Did you mean 'MAT_D1'?
src/components/Universe.tsx(113,36): error TS2552: Cannot find name 'MAT_D4'. Did you mean 'MAT_D1'?
